Test run for X:\BalatroSeedOracle\src\MotelyJAML\Motely.Tests\bin\Debug\net10.0\Motely.Tests.dll (.NETCoreApp,Version=v10.0)
VSTest version 18.0.1 (x64)

